[debug] [2026-06-15T18:29:49.141Z] ----------------------------------------------------------------------
[debug] [2026-06-15T18:29:49.157Z] Command:       C:\Program Files\nodejs\node.exe C:\Users\Divyam Chandak\AppData\Roaming\npm\node_modules\firebase-tools\lib\bin\firebase.js init
[debug] [2026-06-15T18:29:49.159Z] CLI Version:   15.20.0
[debug] [2026-06-15T18:29:49.159Z] Platform:      win32
[debug] [2026-06-15T18:29:49.160Z] Node Version:  v22.20.0
[debug] [2026-06-15T18:29:49.162Z] Time:          Mon Jun 15 2026 23:59:49 GMT+0530 (India Standard Time)
[debug] [2026-06-15T18:29:49.163Z] ----------------------------------------------------------------------
[debug] 
[info] 
     ######## #### ########  ######## ########     ###     ######  ########
     ##        ##  ##     ## ##       ##     ##  ##   ##  ##       ##
     ######    ##  ########  ######   ########  #########  ######  ######
     ##        ##  ##    ##  ##       ##     ## ##     ##       ## ##
     ##       #### ##     ## ######## ########  ##     ##  ######  ########

You're about to initialize a Firebase project in this directory:

  C:\Users\Divyam Chandak\Desktop\DivyamChandak\my_projects\habbit_tracker

[info] 
=== Project Setup
[info] 
[info] First, let's associate this project directory with a Firebase project.
[info] You can create multiple project aliases by running firebase use --add, 
[info] 
[debug] [2026-06-15T18:31:05.417Z] > command requires scopes: ["email","openid","https://www.googleapis.com/auth/cloudplatformprojects.readonly","https://www.googleapis.com/auth/firebase","https://www.googleapis.com/auth/cloud-platform"]
[debug] [2026-06-15T18:31:05.418Z] > authorizing via signed-in user (chandakdivyam@gmail.com)
[debug] [2026-06-15T18:31:05.424Z] Checked if tokens are valid: true, expires at: 1781551765320
[debug] [2026-06-15T18:31:05.424Z] Checked if tokens are valid: true, expires at: 1781551765320
[debug] [2026-06-15T18:31:05.428Z] >>> [apiv2][query] GET https://firebase.googleapis.com/v1beta1/projects pageSize=100
[debug] [2026-06-15T18:31:06.521Z] <<< [apiv2][status] GET https://firebase.googleapis.com/v1beta1/projects 200
[debug] [2026-06-15T18:31:06.521Z] <<< [apiv2][body] GET https://firebase.googleapis.com/v1beta1/projects [omitted]
[info] 
=== Dataconnect Setup
[info] i  dataconnect: ensuring required API firebasedataconnect.googleapis.com is enabled... 
[debug] [2026-06-15T18:31:08.985Z] Checked if tokens are valid: true, expires at: 1781551765320
[debug] [2026-06-15T18:31:08.985Z] Checked if tokens are valid: true, expires at: 1781551765320
[info] i  dataconnect: ensuring required API sqladmin.googleapis.com is enabled... 
[debug] [2026-06-15T18:31:08.988Z] Checked if tokens are valid: true, expires at: 1781551765320
[debug] [2026-06-15T18:31:08.989Z] Checked if tokens are valid: true, expires at: 1781551765320
[debug] [2026-06-15T18:31:08.989Z] >>> [apiv2][query] GET https://serviceusage.googleapis.com/v1/projects/habytflow-2026/services/firebasedataconnect.googleapis.com [none]
[debug] [2026-06-15T18:31:08.990Z] >>> [apiv2][(partial)header] GET https://serviceusage.googleapis.com/v1/projects/habytflow-2026/services/firebasedataconnect.googleapis.com  x-goog-user-project=habytflow-2026
[debug] [2026-06-15T18:31:08.993Z] >>> [apiv2][query] GET https://serviceusage.googleapis.com/v1/projects/habytflow-2026/services/sqladmin.googleapis.com [none]
[debug] [2026-06-15T18:31:08.993Z] >>> [apiv2][(partial)header] GET https://serviceusage.googleapis.com/v1/projects/habytflow-2026/services/sqladmin.googleapis.com  x-goog-user-project=habytflow-2026
[debug] [2026-06-15T18:31:10.814Z] <<< [apiv2][status] GET https://serviceusage.googleapis.com/v1/projects/habytflow-2026/services/sqladmin.googleapis.com 200
[debug] [2026-06-15T18:31:10.814Z] <<< [apiv2][body] GET https://serviceusage.googleapis.com/v1/projects/habytflow-2026/services/sqladmin.googleapis.com [omitted]
[warn] !  dataconnect: missing required API sqladmin.googleapis.com. Enabling now... 
[debug] [2026-06-15T18:31:10.815Z] Checked if tokens are valid: true, expires at: 1781551765320
[debug] [2026-06-15T18:31:10.815Z] Checked if tokens are valid: true, expires at: 1781551765320
[debug] [2026-06-15T18:31:10.816Z] >>> [apiv2][query] POST https://serviceusage.googleapis.com/v1/projects/habytflow-2026/services/sqladmin.googleapis.com:enable [none]
[debug] [2026-06-15T18:31:10.816Z] >>> [apiv2][(partial)header] POST https://serviceusage.googleapis.com/v1/projects/habytflow-2026/services/sqladmin.googleapis.com:enable  x-goog-user-project=habytflow-2026
[debug] [2026-06-15T18:31:11.137Z] <<< [apiv2][status] GET https://serviceusage.googleapis.com/v1/projects/habytflow-2026/services/firebasedataconnect.googleapis.com 200
[debug] [2026-06-15T18:31:11.137Z] <<< [apiv2][body] GET https://serviceusage.googleapis.com/v1/projects/habytflow-2026/services/firebasedataconnect.googleapis.com [omitted]
[warn] !  dataconnect: missing required API firebasedataconnect.googleapis.com. Enabling now... 
[debug] [2026-06-15T18:31:11.138Z] Checked if tokens are valid: true, expires at: 1781551765320
[debug] [2026-06-15T18:31:11.138Z] Checked if tokens are valid: true, expires at: 1781551765320
[debug] [2026-06-15T18:31:11.138Z] >>> [apiv2][query] POST https://serviceusage.googleapis.com/v1/projects/habytflow-2026/services/firebasedataconnect.googleapis.com:enable [none]
[debug] [2026-06-15T18:31:11.138Z] >>> [apiv2][(partial)header] POST https://serviceusage.googleapis.com/v1/projects/habytflow-2026/services/firebasedataconnect.googleapis.com:enable  x-goog-user-project=habytflow-2026
[debug] [2026-06-15T18:31:11.321Z] <<< [apiv2][status] POST https://serviceusage.googleapis.com/v1/projects/habytflow-2026/services/sqladmin.googleapis.com:enable 200
[debug] [2026-06-15T18:31:11.321Z] <<< [apiv2][body] POST https://serviceusage.googleapis.com/v1/projects/habytflow-2026/services/sqladmin.googleapis.com:enable [omitted]
[debug] [2026-06-15T18:31:12.756Z] <<< [apiv2][status] POST https://serviceusage.googleapis.com/v1/projects/habytflow-2026/services/firebasedataconnect.googleapis.com:enable 200
[debug] [2026-06-15T18:31:12.756Z] <<< [apiv2][body] POST https://serviceusage.googleapis.com/v1/projects/habytflow-2026/services/firebasedataconnect.googleapis.com:enable [omitted]
[debug] [2026-06-15T18:31:22.776Z] Checked if tokens are valid: true, expires at: 1781551765320
[debug] [2026-06-15T18:31:22.776Z] Checked if tokens are valid: true, expires at: 1781551765320
[debug] [2026-06-15T18:31:22.776Z] >>> [apiv2][query] GET https://firebasedataconnect.googleapis.com/v1/projects/habytflow-2026/locations/-/services [none]
[debug] [2026-06-15T18:31:24.706Z] <<< [apiv2][status] GET https://firebasedataconnect.googleapis.com/v1/projects/habytflow-2026/locations/-/services 200
[debug] [2026-06-15T18:31:24.706Z] <<< [apiv2][body] GET https://firebasedataconnect.googleapis.com/v1/projects/habytflow-2026/locations/-/services {}
[debug] [2026-06-15T18:31:37.500Z] ExitPromptError: User force closed the prompt with SIGINT
    at Interface.sigint (C:\Users\Divyam Chandak\AppData\Roaming\npm\node_modules\firebase-tools\node_modules\@inquirer\core\dist\commonjs\lib\create-prompt.js:101:37)
    at Interface.emit (node:events:519:28)
    at [_ttyWrite] [as _ttyWrite] (node:internal/readline/interface:1128:18)
    at ReadStream.onkeypress (node:internal/readline/interface:271:20)
    at ReadStream.emit (node:events:531:35)
    at emitKeys (node:internal/readline/utils:370:14)
    at emitKeys.next (<anonymous>)
    at ReadStream.onData (node:internal/readline/emitKeypressEvents:64:36)
    at ReadStream.emit (node:events:519:28)
    at addChunk (node:internal/streams/readable:561:12)
[error] 
[error] Error: An unexpected error has occurred.
